2026-09-19T14:00:01.001Z [INFO]  [pool-1] [req-a1b2c3d4-e5f6-7890-abcd-ef0123456789] HealthCheckService: Ping ok to aurora-cluster-ro-replica.us-east-1.rds.amazonaws.com (latency=0.8ms)
2026-09-19T14:00:01.002Z [INFO]  [pool-1] [req-a1b2c3d4-e5f6-7890-abcd-ef0123456789] HealthCheckService: Ping ok to aurora-cluster-ro-replica.us-east-1.rds.amazonaws.com (latency=0.8ms)
2026-09-19T14:00:01.003Z [INFO]  [pool-1] [req-a1b2c3d4-e5f6-7890-abcd-ef0123456789] HealthCheckService: Ping ok to aurora-cluster-ro-replica.us-east-1.rds.amazonaws.com (latency=0.8ms)
2026-09-19T14:00:01.004Z [INFO]  [pool-1] [req-a1b2c3d4-e5f6-7890-abcd-ef0123456789] HealthCheckService: Ping ok to aurora-cluster-ro-replica.us-east-1.rds.amazonaws.com (latency=0.8ms)
2026-09-19T14:00:01.005Z [INFO]  [pool-1] [req-a1b2c3d4-e5f6-7890-abcd-ef0123456789] HealthCheckService: Ping ok to aurora-cluster-ro-replica.us-east-1.rds.amazonaws.com (latency=0.8ms)
2026-09-19T14:00:01.006Z [INFO]  [pool-1] [req-a1b2c3d4-e5f6-7890-abcd-ef0123456789] HealthCheckService: Ping ok to aurora-cluster-ro-replica.us-east-1.rds.amazonaws.com (latency=0.8ms)
2026-09-19T14:00:01.007Z [INFO]  [pool-1] [req-a1b2c3d4-e5f6-7890-abcd-ef0123456789] HealthCheckService: Ping ok to aurora-cluster-ro-replica.us-east-1.rds.amazonaws.com (latency=0.8ms)
2026-09-19T14:00:01.008Z [INFO]  [pool-1] [req-a1b2c3d4-e5f6-7890-abcd-ef0123456789] HealthCheckService: Ping ok to aurora-cluster-ro-replica.us-east-1.rds.amazonaws.com (latency=0.8ms)
2026-09-19T14:00:01.009Z [INFO]  [pool-1] [req-a1b2c3d4-e5f6-7890-abcd-ef0123456789] HealthCheckService: Ping ok to aurora-cluster-ro-replica.us-east-1.rds.amazonaws.com (latency=0.8ms)
2026-09-19T14:00:01.010Z [INFO]  [pool-1] [req-a1b2c3d4-e5f6-7890-abcd-ef0123456789] HealthCheckService: Ping ok to aurora-cluster-ro-replica.us-east-1.rds.amazonaws.com (latency=0.8ms)
2026-09-19T14:00:02.100Z [DEBUG] [pool-3] [req-b2c3d4e5-f6a7-8901-bcde-f0123456789a] AuthSessionTokenManager: Validating session token for tenant=acme-corp
2026-09-19T14:00:02.101Z [DEBUG] [pool-3] [req-b2c3d4e5-f6a7-8901-bcde-f0123456789a] AuthSessionTokenManager: Validating session token for tenant=acme-corp
2026-09-19T14:00:02.102Z [DEBUG] [pool-3] [req-b2c3d4e5-f6a7-8901-bcde-f0123456789a] AuthSessionTokenManager: Validating session token for tenant=acme-corp
2026-09-19T14:00:02.103Z [DEBUG] [pool-3] [req-b2c3d4e5-f6a7-8901-bcde-f0123456789a] AuthSessionTokenManager: Validating session token for tenant=acme-corp
2026-09-19T14:00:02.104Z [DEBUG] [pool-3] [req-b2c3d4e5-f6a7-8901-bcde-f0123456789a] AuthSessionTokenManager: Validating session token for tenant=acme-corp
2026-09-19T14:00:03.001Z [ERROR] [pool-2] [req-c3d4e5f6-a7b8-9012-cdef-0123456789ab] ConnectionAcquisitionException: HikariPool-1 - Connection is not available, request timed out after 30005ms.
Traceback (most recent call last):
  File "/var/task/app/services/order_processor.py", line 87, in process_order
    with db_pool.get_connection() as conn:
  File "/var/task/vendor/hikari/pool.py", line 156, in get_connection
    raise ConnectionTimeout("Connection pool exhausted. Max connections: 100")
hikari.exceptions.ConnectionTimeout: Connection pool exhausted. Max connections: 100 (active=100, idle=0, waiting=47)
2026-09-19T14:00:03.002Z [ERROR] [pool-2] [req-c3d4e5f6-a7b8-9012-cdef-0123456789ab] ConnectionAcquisitionException: HikariPool-1 - Connection is not available, request timed out after 30005ms.
Traceback (most recent call last):
  File "/var/task/app/services/order_processor.py", line 87, in process_order
    with db_pool.get_connection() as conn:
  File "/var/task/vendor/hikari/pool.py", line 156, in get_connection
    raise ConnectionTimeout("Connection pool exhausted. Max connections: 100")
hikari.exceptions.ConnectionTimeout: Connection pool exhausted. Max connections: 100 (active=100, idle=0, waiting=48)
2026-09-19T14:00:03.003Z [ERROR] [pool-2] [req-c3d4e5f6-a7b8-9012-cdef-0123456789ab] ConnectionAcquisitionException: HikariPool-1 - Connection is not available, request timed out after 30005ms.
Traceback (most recent call last):
  File "/var/task/app/services/order_processor.py", line 87, in process_order
    with db_pool.get_connection() as conn:
  File "/var/task/vendor/hikari/pool.py", line 156, in get_connection
    raise ConnectionTimeout("Connection pool exhausted. Max connections: 100")
hikari.exceptions.ConnectionTimeout: Connection pool exhausted. Max connections: 100 (active=100, idle=0, waiting=49)
2026-09-19T14:00:03.004Z [ERROR] [pool-2] [req-c3d4e5f6-a7b8-9012-cdef-0123456789ab] ConnectionAcquisitionException: HikariPool-1 - Connection is not available, request timed out after 30005ms.
Traceback (most recent call last):
  File "/var/task/app/services/order_processor.py", line 87, in process_order
    with db_pool.get_connection() as conn:
  File "/var/task/vendor/hikari/pool.py", line 156, in get_connection
    raise ConnectionTimeout("Connection pool exhausted. Max connections: 100")
hikari.exceptions.ConnectionTimeout: Connection pool exhausted. Max connections: 100 (active=100, idle=0, waiting=50)
2026-09-19T14:00:03.005Z [ERROR] [pool-2] [req-c3d4e5f6-a7b8-9012-cdef-0123456789ab] ConnectionAcquisitionException: HikariPool-1 - Connection is not available, request timed out after 30005ms.
Traceback (most recent call last):
  File "/var/task/app/services/order_processor.py", line 87, in process_order
    with db_pool.get_connection() as conn:
  File "/var/task/vendor/hikari/pool.py", line 156, in get_connection
    raise ConnectionTimeout("Connection pool exhausted. Max connections: 100")
hikari.exceptions.ConnectionTimeout: Connection pool exhausted. Max connections: 100 (active=100, idle=0, waiting=51)
2026-09-19T14:00:03.006Z [ERROR] [pool-2] [req-c3d4e5f6-a7b8-9012-cdef-0123456789ab] ConnectionAcquisitionException: HikariPool-1 - Connection is not available, request timed out after 30005ms.
Traceback (most recent call last):
  File "/var/task/app/services/order_processor.py", line 87, in process_order
    with db_pool.get_connection() as conn:
  File "/var/task/vendor/hikari/pool.py", line 156, in get_connection
    raise ConnectionTimeout("Connection pool exhausted. Max connections: 100")
hikari.exceptions.ConnectionTimeout: Connection pool exhausted. Max connections: 100 (active=100, idle=0, waiting=52)
2026-09-19T14:00:04.001Z [WARN]  [pool-5] [req-d4e5f6a7-b8c9-0123-def0-123456789abc] CircuitBreaker: State transitioning from CLOSED to HALF_OPEN (threshold=5 failures)
2026-09-19T14:00:04.002Z [WARN]  [pool-5] [req-d4e5f6a7-b8c9-0123-def0-123456789abc] CircuitBreaker: State transitioning from CLOSED to HALF_OPEN (threshold=5 failures)
2026-09-19T14:00:04.003Z [WARN]  [pool-5] [req-d4e5f6a7-b8c9-0123-def0-123456789abc] CircuitBreaker: State transitioning from CLOSED to HALF_OPEN (threshold=5 failures)
2026-09-19T14:00:04.004Z [WARN]  [pool-5] [req-d4e5f6a7-b8c9-0123-def0-123456789abc] CircuitBreaker: State transitioning from CLOSED to HALF_OPEN (threshold=5 failures)
2026-09-19T14:00:05.100Z [FATAL] [pool-5] [req-e5f6a7b8-c9d0-1234-ef01-23456789abcd] ServiceUnavailable: Downstream database partition unresponsive.
